current directory: /Volumes/externalHDD/projects/kanbun-ka/vendor/bundle/ruby/3.3.0/gems/debug-1.11.1/ext/debug
/Users/unpodisaleicloud.com/.rbenv/versions/3.3.6/bin/ruby extconf.rb
creating Makefile

current directory: /Volumes/externalHDD/projects/kanbun-ka/vendor/bundle/ruby/3.3.0/gems/debug-1.11.1/ext/debug
make -j11 DESTDIR\= sitearchdir\=./.gem.20260901-20969-xetyxt sitelibdir\=./.gem.20260901-20969-xetyxt clean

current directory: /Volumes/externalHDD/projects/kanbun-ka/vendor/bundle/ruby/3.3.0/gems/debug-1.11.1/ext/debug
make -j11 DESTDIR\= sitearchdir\=./.gem.20260901-20969-xetyxt sitelibdir\=./.gem.20260901-20969-xetyxt
compiling debug.c
compiling iseq_collector.c
In file included from debug.c:2:
In file included from /Users/unpodisaleicloud.com/.rbenv/versions/3.3.6/include/ruby-3.3.0/ruby/ruby.h:28:
In file included from /Users/unpodisaleicloud.com/.rbenv/versions/3.3.6/include/ruby-3.3.0/ruby/internal/arithmetic.h:24:
In file included from /Users/unpodisaleicloud.com/.rbenv/versions/3.3.6/include/ruby-3.3.0/ruby/internal/arithmetic/char.h:29:
/Users/unpodisaleicloud.com/.rbenv/versions/3.3.6/include/ruby-3.3.0/ruby/internal/core/rstring.h:398:24: warning: default initialization of an object of type 'struct RString' with const member leaves the object uninitialized [-Wdefault-const-init-field-unsafe]
  398 |         struct RString retval;
      |                        ^
/Users/unpodisaleicloud.com/.rbenv/versions/3.3.6/include/ruby-3.3.0/ruby/internal/core/rbasic.h:88:17: note: member 'klass' declared 'const' here
   88 |   In file included from iseq_collector.c:1:
In file included from  /Users/unpodisaleicloud.com/.rbenv/versions/3.3.6/include/ruby-3.3.0/ruby/ruby.h :c28o:
nIn file included from s/Users/unpodisaleicloud.com/.rbenv/versions/3.3.6/include/ruby-3.3.0/ruby/internal/arithmetic.ht: 24V:
AIn file included from L/Users/unpodisaleicloud.com/.rbenv/versions/3.3.6/include/ruby-3.3.0/ruby/internal/arithmetic/char.hU:E29 :
/Users/unpodisaleicloud.com/.rbenv/versions/3.3.6/include/ruby-3.3.0/ruby/internal/core/rstring.h:398:24: warning: default initialization of an object of type 'struct RString' with const member leaves the object uninitialized [-Wdefault-const-init-field-unsafe]
klass;
      |                   ^398
 |         struct RString retval;
      |                        ^
/Users/unpodisaleicloud.com/.rbenv/versions/3.3.6/include/ruby-3.3.0/ruby/internal/core/rbasic.h:88:17: note: member 'klass' declared 'const' here
   88 |     const VALUE klass;
      |                 ^
1 warning generated.
1 warning generated.
linking shared-object debug/debug.bundle

current directory: /Volumes/externalHDD/projects/kanbun-ka/vendor/bundle/ruby/3.3.0/gems/debug-1.11.1/ext/debug
make -j11 DESTDIR\= sitearchdir\=./.gem.20260901-20969-xetyxt sitelibdir\=./.gem.20260901-20969-xetyxt install
/usr/bin/install -c -m 0755 debug.bundle ./.gem.20260901-20969-xetyxt/debug

current directory: /Volumes/externalHDD/projects/kanbun-ka/vendor/bundle/ruby/3.3.0/gems/debug-1.11.1/ext/debug
make DESTDIR\= sitearchdir\=./.gem.20260901-20969-xetyxt sitelibdir\=./.gem.20260901-20969-xetyxt clean
