current directory: /Volumes/externalHDD/projects/kanbun-ka/vendor/bundle/ruby/3.3.0/gems/msgpack-1.8.4/ext/msgpack
/Users/unpodisaleicloud.com/.rbenv/versions/3.3.6/bin/ruby extconf.rb
checking for rb_enc_interned_str() in ruby.h... yes
checking for rb_hash_new_capa() in ruby.h... yes
checking for rb_proc_call_with_block() in ruby.h... yes
checking for rb_gc_mark_locations() in ruby.h... yes
checking for whether -fvisibility=hidden is accepted as CFLAGS... no
checking for whether -I.. is accepted as CFLAGS... no
checking for whether -Wall is accepted as CFLAGS... no
checking for whether -std=gnu99 is accepted as CFLAGS... no
checking for whether -DHASH_ASET_DEDUPE=1 is accepted as CFLAGS... no
checking for whether -DSTR_UMINUS_DEDUPE_FROZEN=1 is accepted as CFLAGS... no
creating Makefile

current directory: /Volumes/externalHDD/projects/kanbun-ka/vendor/bundle/ruby/3.3.0/gems/msgpack-1.8.4/ext/msgpack
make -j11 DESTDIR\= sitearchdir\=./.gem.20260901-20969-r8btj5 sitelibdir\=./.gem.20260901-20969-r8btj5 clean

current directory: /Volumes/externalHDD/projects/kanbun-ka/vendor/bundle/ruby/3.3.0/gems/msgpack-1.8.4/ext/msgpack
make -j11 DESTDIR\= sitearchdir\=./.gem.20260901-20969-r8btj5 sitelibdir\=./.gem.20260901-20969-r8btj5
compiling buffer.c
compiling buffer_class.c
compiling extension_value_class.c
compiling factory_class.c
compiling packer.c
compiling packer_ext_registry.c
compiling packer_class.c
compiling rbinit.c
compiling unpacker.c
compiling rmem.c
compiling unpacker_class.c
In file included from extension_value_class.c:19:
In file included from ./factory_class.h:21:
In file included from ./compat.h:22:
In file included from /Users/unpodisaleicloud.com/.rbenv/versions/3.3.6/include/ruby-3.3.0/ruby.h:38:
In file included from /Users/unpodisaleicloud.com/.rbenv/versions/3.3.6/include/ruby-3.3.0/ruby/ruby.h:28:
In file included from /Users/unpodisaleicloud.com/.rbenv/versions/3.3.6/include/ruby-3.3.0/ruby/internal/arithmetic.h:24:
In file included from /Users/unpodisaleicloud.com/.rbenv/versions/3.3.6/include/ruby-3.3.0/ruby/internal/arithmetic/char.h:29:
/Users/unpodisaleicloud.com/.rbenv/versions/3.3.6/include/ruby-3.3.0/ruby/internal/core/rstring.h:398:24: warning: default initialization of an object of type 'struct RString' with const member leaves the object uninitialized [-Wdefault-const-init-field-unsafe]
  398 |         struct RString retval;
      |                        ^
/Users/unpodisaleicloud.com/.rbenv/versions/3.3.6/include/ruby-3.3.0/ruby/internal/core/rbasic.h:88:17: note: member 'klass' declared 'const' here
   88 |     const VALUE klass;
      |                 ^
In file included from buffer.c:19:
In file included from ./buffer.h:21:
In file included from ./compat.h:22:
In file included from /Users/unpodisaleicloud.com/.rbenv/versions/3.3.6/include/ruby-3.3.0/ruby.h:38:
In file included from /Users/unpodisaleicloud.com/.rbenv/versions/3.3.6/include/ruby-3.3.0/ruby/ruby.h:28:
In file included from /Users/unpodisaleicloud.com/.rbenv/versions/3.3.6/include/ruby-3.3.0/ruby/internal/arithmetic.h:24:
In file included from /Users/unpodisaleicloud.com/.rbenv/versions/3.3.6/include/ruby-3.3.0/ruby/internal/arithmetic/char.h:29:
/Users/unpodisaleicloud.com/.rbenv/versions/3.3.6/include/ruby-3.3.0/ruby/internal/core/rstring.h:398:24: warning: default initialization of an object of type 'struct RString' with const member leaves the object uninitialized [-Wdefault-const-init-field-unsafe]
  398 |         struct RString retval;
      |                        ^
/Users/unpodisaleicloud.com/.rbenv/versions/3.3.6/include/ruby-3.3.0/ruby/internal/core/rbasic.h:88:17: note: member 'klass' declared 'const' here
   88 |     const VALUE klass;
      |                 ^
In file included from packer.c:19:
In file included from ./packer.h:21:
In file included from ./buffer.h:21:
In file included from ./compat.h:22:
In file included from /Users/unpodisaleicloud.com/.rbenv/versions/3.3.6/include/ruby-3.3.0/ruby.h:38:
In file included from /Users/unpodisaleicloud.com/.rbenv/versions/3.3.6/include/ruby-3.3.0/ruby/ruby.h:28:
In file included from /Users/unpodisaleicloud.com/.rbenv/versions/3.3.6/include/ruby-3.3.0/ruby/internal/arithmetic.h:24:
In file included from /Users/unpodisaleicloud.com/.rbenv/versions/3.3.6/include/ruby-3.3.0/ruby/internal/arithmetic/char.h:29:
/Users/unpodisaleicloud.com/.rbenv/versions/3.3.6/include/ruby-3.3.0/ruby/internal/core/rstring.h:398:24: warning: default initialization of an object of type 'struct RString' with const member leaves the object uninitialized [-Wdefault-const-init-field-unsafe]
  398 |         struct RString retval;
      |                        ^
/Users/unpodisaleicloud.com/.rbenv/versions/3.3.6/include/ruby-3.3.0/ruby/internal/core/rbasic.h:88:17: note: member 'klass' declared 'const' here
   88 |     const VALUE klass;
      |                 ^
In file included from packer_ext_registry.c:19:
In file included from ./packer_ext_registry.h:21:
In file included from ./compat.h:22:
In file included from /Users/unpodisaleicloud.com/.rbenv/versions/3.3.6/include/ruby-3.3.0/ruby.h:38:
In file included from /Users/unpodisaleicloud.com/.rbenv/versions/3.3.6/include/ruby-3.3.0/ruby/ruby.h:28:
In file included from /Users/unpodisaleicloud.com/.rbenv/versions/3.3.6/include/ruby-3.3.0/ruby/internal/arithmetic.h:24:
In file included from /Users/unpodisaleicloud.com/.rbenv/versions/3.3.6/include/ruby-3.3.0/ruby/internal/arithmetic/char.h:29:
/Users/unpodisaleicloud.com/.rbenv/versions/3.3.6/include/ruby-3.3.0/ruby/internal/core/rstring.h:398:24: warning: default initialization of an object of type 'struct RString' with const member leaves the object uninitialized [-Wdefault-const-init-field-unsafe]
  398 |         struct RString retval;
      |                        ^
/Users/unpodisaleicloud.com/.rbenv/versions/3.3.6/include/ruby-3.3.0/ruby/internal/core/rbasic.h:88:17: note: member 'klass' declared 'const' here
   88 |     const VALUE klass;
      |                 ^
In file included from rmem.c:19:
In file included from ./rmem.h:21:
In file included from ./compat.h:22:
In file included from /Users/unpodisaleicloud.com/.rbenv/versions/3.3.6/include/ruby-3.3.0/ruby.h:38:
In file included from /Users/unpodisaleicloud.com/.rbenv/versions/3.3.6/include/ruby-3.3.0/ruby/ruby.h:28:
In file included from /Users/unpodisaleicloud.com/.rbenv/versions/3.3.6/include/ruby-3.3.0/ruby/internal/arithmetic.h:24:
In file included from /Users/unpodisaleicloud.com/.rbenv/versions/3.3.6/include/ruby-3.3.0/ruby/internal/arithmetic/char.h:29:
/Users/unpodisaleicloud.com/.rbenv/versions/3.3.6/include/ruby-3.3.0/ruby/internal/core/rstring.h:398:24: warning: default initialization of an object of type 'struct RString' with const member leaves the object uninitialized [-Wdefault-const-init-field-unsafe]
  398 |         struct RString retval;
      |                        ^
/Users/unpodisaleicloud.com/.rbenv/versions/3.3.6/include/ruby-3.3.0/ruby/internal/core/rbasic.h:88:17: note: member 'klass' declared 'const' here
   88 |     const VALUE klass;
      |                 ^
In file included from unpacker.c:19:
In file included from ./unpacker.h:21:
In file included from ./buffer.h:21:
In file included from ./compat.h:22:
In file included from /Users/unpodisaleicloud.com/.rbenv/versions/3.3.6/include/ruby-3.3.0/ruby.h:38:
In file included from /Users/unpodisaleicloud.com/.rbenv/versions/3.3.6/include/ruby-3.3.0/ruby/ruby.h:28:
In file included from /Users/unpodisaleicloud.com/.rbenv/versions/3.3.6/include/ruby-3.3.0/ruby/internal/arithmetic.h:24:
In file included from /Users/unpodisaleicloud.com/.rbenv/versions/3.3.6/include/ruby-3.3.0/ruby/internal/arithmetic/char.h:29:
/Users/unpodisaleicloud.com/.rbenv/versions/3.3.6/include/ruby-3.3.0/ruby/internal/core/rstring.h:398:24: warning: default initialization of an object of type 'struct RString' with const member leaves the object uninitialized [-Wdefault-const-init-field-unsafe]
  398 |         struct RString retval;
      |                        ^
/Users/unpodisaleicloud.com/.rbenv/versions/3.3.6/include/ruby-3.3.0/ruby/internal/core/rbasic.h:88:17: note: member 'klass' declared 'const' here
   88 |     const VALUE klass;
      |                 ^
In file included from factory_class.c:19:
In file included from ./factory_class.h:21:
In file included from ./compat.h:22:
In file included from /Users/unpodisaleicloud.com/.rbenv/versions/3.3.6/include/ruby-3.3.0/ruby.h:38:
In file included from /Users/unpodisaleicloud.com/.rbenv/versions/3.3.6/include/ruby-3.3.0/ruby/ruby.h:28:
In file included from /Users/unpodisaleicloud.com/.rbenv/versions/3.3.6/include/ruby-3.3.0/ruby/internal/arithmetic.h:24:
In file included from /Users/unpodisaleicloud.com/.rbenv/versions/3.3.6/include/ruby-3.3.0/ruby/internal/arithmetic/char.h:29:
/Users/unpodisaleicloud.com/.rbenv/versions/3.3.6/include/ruby-3.3.0/ruby/internal/core/rstring.h:398:24: warning: default initialization of an object of type 'struct RString' with const member leaves the object uninitialized [-Wdefault-const-init-field-unsafe]
  398 |         struct RString retval;
      |                        ^
/Users/unpodisaleicloud.com/.rbenv/versions/3.3.6/include/ruby-3.3.0/ruby/internal/core/rbasic.h:88:17: note: member 'klass' declared 'const' here
   88 |     const VALUE klass;
      |                 ^
In file included from packer_class.c:19:
In file included from ./compat.h:22:
In file included from /Users/unpodisaleicloud.com/.rbenv/versions/3.3.6/include/ruby-3.3.0/ruby.h:38:
In file included from /Users/unpodisaleicloud.com/.rbenv/versions/3.3.6/include/ruby-3.3.0/ruby/ruby.h:28:
In file included from /Users/unpodisaleicloud.com/.rbenv/versions/3.3.6/include/ruby-3.3.0/ruby/internal/arithmetic.h:24:
In file included from /Users/unpodisaleicloud.com/.rbenv/versions/3.3.6/include/ruby-3.3.0/ruby/internal/arithmetic/char.h:29:
/Users/unpodisaleicloud.com/.rbenv/versions/3.3.6/include/ruby-3.3.0/ruby/internal/core/rstring.h:398:24: warning: default initialization of an object of type 'struct RString' with const member leaves the object uninitialized [-Wdefault-const-init-field-unsafe]
  398 |         struct RString retval;
      |                        ^
/Users/unpodisaleicloud.com/.rbenv/versions/3.3.6/include/ruby-3.3.0/ruby/internal/core/rbasic.h:88:17: note: member 'klass' declared 'const' here
   88 |     const VALUE klass;
      |                 ^
In file included from rbinit.c:19:
In file included from ./buffer_class.h:21:
In file included from ./buffer.h:21:
In file included from ./compat.h:22:
In file included from /Users/unpodisaleicloud.com/.rbenv/versions/3.3.6/include/ruby-3.3.0/ruby.h:38:
In file included from /Users/unpodisaleicloud.com/.rbenv/versions/3.3.6/include/ruby-3.3.0/ruby/ruby.h:28:
In file included from /Users/unpodisaleicloud.com/.rbenv/versions/3.3.6/include/ruby-3.3.0/ruby/internal/arithmetic.h:24:
In file included from /Users/unpodisaleicloud.com/.rbenv/versions/3.3.6/include/ruby-3.3.0/ruby/internal/arithmetic/char.h:29:
/Users/unpodisaleicloud.com/.rbenv/versions/3.3.6/include/ruby-3.3.0/ruby/internal/core/rstring.h:398:24: warning: default initialization of an object of type 'struct RString' with const member leaves the object uninitialized [-Wdefault-const-init-field-unsafe]
  398 |         struct RString retval;
      |                        ^
/Users/unpodisaleicloud.com/.rbenv/versions/3.3.6/include/ruby-3.3.0/ruby/internal/core/rbasic.h:88:17: note: member 'klass' declared 'const' here
   88 |     const VALUE klass;
      |                 ^
In file included from buffer_class.c:19:
In file included from ./compat.h:22:
In file included from /Users/unpodisaleicloud.com/.rbenv/versions/3.3.6/include/ruby-3.3.0/ruby.h:38:
In file included from /Users/unpodisaleicloud.com/.rbenv/versions/3.3.6/include/ruby-3.3.0/ruby/ruby.h:28:
In file included from /Users/unpodisaleicloud.com/.rbenv/versions/3.3.6/include/ruby-3.3.0/ruby/internal/arithmetic.h:24:
In file included from /Users/unpodisaleicloud.com/.rbenv/versions/3.3.6/include/ruby-3.3.0/ruby/internal/arithmetic/char.h:29:
/Users/unpodisaleicloud.com/.rbenv/versions/3.3.6/include/ruby-3.3.0/ruby/internal/core/rstring.h:398:24: warning: default initialization of an object of type 'struct RString' with const member leaves the object uninitialized [-Wdefault-const-init-field-unsafe]
  398 |         struct RString retval;
      |                        ^
/Users/unpodisaleicloud.com/.rbenv/versions/3.3.6/include/ruby-3.3.0/ruby/internal/core/rbasic.h:88:17: note: member 'klass' declared 'const' here
   88 |     const VALUE klass;
      |                 ^
1 warning generated.
In file included from unpacker_class.c:19:
In file included from ./unpacker.h:21:
In file included from ./buffer.h:21:
In file included from ./compat.h:22:
In file included from /Users/unpodisaleicloud.com/.rbenv/versions/3.3.6/include/ruby-3.3.0/ruby.h:38:
In file included from /Users/unpodisaleicloud.com/.rbenv/versions/3.3.6/include/ruby-3.3.0/ruby/ruby.h:28:
In file included from /Users/unpodisaleicloud.com/.rbenv/versions/3.3.6/include/ruby-3.3.0/ruby/internal/arithmetic.h:24:
In file included from /Users/unpodisaleicloud.com/.rbenv/versions/3.3.6/include/ruby-3.3.0/ruby/internal/arithmetic/char.h:29:
/Users/unpodisaleicloud.com/.rbenv/versions/3.3.6/include/ruby-3.3.0/ruby/internal/core/rstring.h:398:24: warning: default initialization of an object of type 'struct RString' with const member leaves the object uninitialized [-Wdefault-const-init-field-unsafe]
  398 |         struct RString retval;
      |                        ^
/Users/unpodisaleicloud.com/.rbenv/versions/3.3.6/include/ruby-3.3.0/ruby/internal/core/rbasic.h:88:17: note: member 'klass' declared 'const' here
   88 |     const VALUE klass;
      |                 ^
compiling unpacker_ext_registry.c
1 warning generated.
1 warning generated.
1 warning generated.
In file included from unpacker_ext_registry.c:19:
In file included from ./unpacker_ext_registry.h:21:
In file included from ./compat.h:22:
In file included from /Users/unpodisaleicloud.com/.rbenv/versions/3.3.6/include/ruby-3.3.0/ruby.h:38:
In file included from /Users/unpodisaleicloud.com/.rbenv/versions/3.3.6/include/ruby-3.3.0/ruby/ruby.h:28:
In file included from /Users/unpodisaleicloud.com/.rbenv/versions/3.3.6/include/ruby-3.3.0/ruby/internal/arithmetic.h:24:
In file included from /Users/unpodisaleicloud.com/.rbenv/versions/3.3.6/include/ruby-3.3.0/ruby/internal/arithmetic/char.h:29:
/Users/unpodisaleicloud.com/.rbenv/versions/3.3.6/include/ruby-3.3.0/ruby/internal/core/rstring.h:398:24: warning: default initialization of an object of type 'struct RString' with const member leaves the object uninitialized [-Wdefault-const-init-field-unsafe]
  398 |         struct RString retval;
      |                        ^
/Users/unpodisaleicloud.com/.rbenv/versions/3.3.6/include/ruby-3.3.0/ruby/internal/core/rbasic.h:88:17: note: member 'klass' declared 'const' here
   88 |     const VALUE klass;
      |                 ^
1 warning generated.
1 warning generated.
1 warning generated.
1 warning generated.
1 warning generated.
1 warning generated.
1 warning generated.
1 warning generated.
linking shared-object msgpack/msgpack.bundle

current directory: /Volumes/externalHDD/projects/kanbun-ka/vendor/bundle/ruby/3.3.0/gems/msgpack-1.8.4/ext/msgpack
make -j11 DESTDIR\= sitearchdir\=./.gem.20260901-20969-r8btj5 sitelibdir\=./.gem.20260901-20969-r8btj5 install
/usr/bin/install -c -m 0755 msgpack.bundle ./.gem.20260901-20969-r8btj5/msgpack

current directory: /Volumes/externalHDD/projects/kanbun-ka/vendor/bundle/ruby/3.3.0/gems/msgpack-1.8.4/ext/msgpack
make DESTDIR\= sitearchdir\=./.gem.20260901-20969-r8btj5 sitelibdir\=./.gem.20260901-20969-r8btj5 clean
