append_cflags: checking for whether -std=gnu99 is accepted as CFLAGS... -------------------- no

DYLD_LIBRARY_PATH=.:/Users/unpodisaleicloud.com/.rbenv/versions/3.3.6/lib "clang -o conftest -I/Users/unpodisaleicloud.com/.rbenv/versions/3.3.6/include/ruby-3.3.0/arm64-darwin25 -I/Users/unpodisaleicloud.com/.rbenv/versions/3.3.6/include/ruby-3.3.0/ruby/backward -I/Users/unpodisaleicloud.com/.rbenv/versions/3.3.6/include/ruby-3.3.0 -I. -I./../../include -D_XOPEN_SOURCE -D_DARWIN_C_SOURCE -D_DARWIN_UNLIMITED_SELECT -D_REENTRANT   -fdeclspec -O3 -fno-fast-math -ggdb3 -Wall -Wextra -Wextra-tokens -Wdeprecated-declarations -Wdivision-by-zero -Wdiv-by-zero -Wimplicit-function-declaration -Wimplicit-int -Wpointer-arith -Wshorten-64-to-32 -Wwrite-strings -Wold-style-definition -Wmissing-noreturn -Wno-cast-function-type -Wno-constant-logical-operand -Wno-long-long -Wno-missing-field-initializers -Wno-overlength-strings -Wno-parentheses-equality -Wno-self-assign -Wno-tautological-compare -Wno-unused-parameter -Wno-unused-value -Wunused-variable -Wmisleading-indentation -Wundef -fno-common -pipe conftest.c  -L. -L/Users/unpodisaleicloud.com/.rbenv/versions/3.3.6/lib -L. -fstack-protector-strong  -arch arm64   -lruby.3.3  -lpthread  "
In file included from conftest.c:1:
In file included from /Users/unpodisaleicloud.com/.rbenv/versions/3.3.6/include/ruby-3.3.0/ruby.h:38:
In file included from /Users/unpodisaleicloud.com/.rbenv/versions/3.3.6/include/ruby-3.3.0/ruby/ruby.h:28:
In file included from /Users/unpodisaleicloud.com/.rbenv/versions/3.3.6/include/ruby-3.3.0/ruby/internal/arithmetic.h:24:
In file included from /Users/unpodisaleicloud.com/.rbenv/versions/3.3.6/include/ruby-3.3.0/ruby/internal/arithmetic/char.h:29:
/Users/unpodisaleicloud.com/.rbenv/versions/3.3.6/include/ruby-3.3.0/ruby/internal/core/rstring.h:398:24: warning: default initialization of an object of type 'struct RString' with const member leaves the object uninitialized [-Wdefault-const-init-field-unsafe]
  398 |         struct RString retval;
      |                        ^
/Users/unpodisaleicloud.com/.rbenv/versions/3.3.6/include/ruby-3.3.0/ruby/internal/core/rbasic.h:88:17: note: member 'klass' declared 'const' here
   88 |     const VALUE klass;
      |                 ^
1 warning generated.
checked program was:
/* begin */
1: #include "ruby.h"
2: 
3: int main(int argc, char **argv)
4: {
5:   return !!argv[argc];
6: }
/* end */

DYLD_LIBRARY_PATH=.:/Users/unpodisaleicloud.com/.rbenv/versions/3.3.6/lib "clang -I/Users/unpodisaleicloud.com/.rbenv/versions/3.3.6/include/ruby-3.3.0/arm64-darwin25 -I/Users/unpodisaleicloud.com/.rbenv/versions/3.3.6/include/ruby-3.3.0/ruby/backward -I/Users/unpodisaleicloud.com/.rbenv/versions/3.3.6/include/ruby-3.3.0 -I. -I./../../include -D_XOPEN_SOURCE -D_DARWIN_C_SOURCE -D_DARWIN_UNLIMITED_SELECT -D_REENTRANT   -fdeclspec -O3 -fno-fast-math -ggdb3 -Wall -Wextra -Wextra-tokens -Wdeprecated-declarations -Wdivision-by-zero -Wdiv-by-zero -Wimplicit-function-declaration -Wimplicit-int -Wpointer-arith -Wshorten-64-to-32 -Wwrite-strings -Wold-style-definition -Wmissing-noreturn -Wno-cast-function-type -Wno-constant-logical-operand -Wno-long-long -Wno-missing-field-initializers -Wno-overlength-strings -Wno-parentheses-equality -Wno-self-assign -Wno-tautological-compare -Wno-unused-parameter -Wno-unused-value -Wunused-variable -Wmisleading-indentation -Wundef -fno-common -pipe -arch arm64 -std=gnu99 -Werror -c conftest.c"
In file included from conftest.c:1:
In file included from /Users/unpodisaleicloud.com/.rbenv/versions/3.3.6/include/ruby-3.3.0/ruby.h:38:
In file included from /Users/unpodisaleicloud.com/.rbenv/versions/3.3.6/include/ruby-3.3.0/ruby/ruby.h:28:
In file included from /Users/unpodisaleicloud.com/.rbenv/versions/3.3.6/include/ruby-3.3.0/ruby/internal/arithmetic.h:24:
In file included from /Users/unpodisaleicloud.com/.rbenv/versions/3.3.6/include/ruby-3.3.0/ruby/internal/arithmetic/char.h:29:
/Users/unpodisaleicloud.com/.rbenv/versions/3.3.6/include/ruby-3.3.0/ruby/internal/core/rstring.h:398:24: error: default initialization of an object of type 'struct RString' with const member leaves the object uninitialized [-Werror,-Wdefault-const-init-field-unsafe]
  398 |         struct RString retval;
      |                        ^
/Users/unpodisaleicloud.com/.rbenv/versions/3.3.6/include/ruby-3.3.0/ruby/internal/core/rbasic.h:88:17: note: member 'klass' declared 'const' here
   88 |     const VALUE klass;
      |                 ^
1 error generated.
checked program was:
/* begin */
1: #include "ruby.h"
2: 
3: int main(int argc, char **argv)
4: {
5:   return !!argv[argc];
6: }
/* end */

--------------------

append_cflags: checking for whether -Wimplicit-fallthrough is accepted as CFLAGS... -------------------- no

DYLD_LIBRARY_PATH=.:/Users/unpodisaleicloud.com/.rbenv/versions/3.3.6/lib "clang -I/Users/unpodisaleicloud.com/.rbenv/versions/3.3.6/include/ruby-3.3.0/arm64-darwin25 -I/Users/unpodisaleicloud.com/.rbenv/versions/3.3.6/include/ruby-3.3.0/ruby/backward -I/Users/unpodisaleicloud.com/.rbenv/versions/3.3.6/include/ruby-3.3.0 -I. -I./../../include -D_XOPEN_SOURCE -D_DARWIN_C_SOURCE -D_DARWIN_UNLIMITED_SELECT -D_REENTRANT   -fdeclspec -O3 -fno-fast-math -ggdb3 -Wall -Wextra -Wextra-tokens -Wdeprecated-declarations -Wdivision-by-zero -Wdiv-by-zero -Wimplicit-function-declaration -Wimplicit-int -Wpointer-arith -Wshorten-64-to-32 -Wwrite-strings -Wold-style-definition -Wmissing-noreturn -Wno-cast-function-type -Wno-constant-logical-operand -Wno-long-long -Wno-missing-field-initializers -Wno-overlength-strings -Wno-parentheses-equality -Wno-self-assign -Wno-tautological-compare -Wno-unused-parameter -Wno-unused-value -Wunused-variable -Wmisleading-indentation -Wundef -fno-common -pipe -arch arm64 -Wimplicit-fallthrough -Werror -c conftest.c"
In file included from conftest.c:1:
In file included from /Users/unpodisaleicloud.com/.rbenv/versions/3.3.6/include/ruby-3.3.0/ruby.h:38:
In file included from /Users/unpodisaleicloud.com/.rbenv/versions/3.3.6/include/ruby-3.3.0/ruby/ruby.h:28:
In file included from /Users/unpodisaleicloud.com/.rbenv/versions/3.3.6/include/ruby-3.3.0/ruby/internal/arithmetic.h:24:
In file included from /Users/unpodisaleicloud.com/.rbenv/versions/3.3.6/include/ruby-3.3.0/ruby/internal/arithmetic/char.h:29:
/Users/unpodisaleicloud.com/.rbenv/versions/3.3.6/include/ruby-3.3.0/ruby/internal/core/rstring.h:398:24: error: default initialization of an object of type 'struct RString' with const member leaves the object uninitialized [-Werror,-Wdefault-const-init-field-unsafe]
  398 |         struct RString retval;
      |                        ^
/Users/unpodisaleicloud.com/.rbenv/versions/3.3.6/include/ruby-3.3.0/ruby/internal/core/rbasic.h:88:17: note: member 'klass' declared 'const' here
   88 |     const VALUE klass;
      |                 ^
1 error generated.
checked program was:
/* begin */
1: #include "ruby.h"
2: 
3: int main(int argc, char **argv)
4: {
5:   return !!argv[argc];
6: }
/* end */

--------------------

append_cflags: checking for whether -Wunused-result is accepted as CFLAGS... -------------------- no

DYLD_LIBRARY_PATH=.:/Users/unpodisaleicloud.com/.rbenv/versions/3.3.6/lib "clang -I/Users/unpodisaleicloud.com/.rbenv/versions/3.3.6/include/ruby-3.3.0/arm64-darwin25 -I/Users/unpodisaleicloud.com/.rbenv/versions/3.3.6/include/ruby-3.3.0/ruby/backward -I/Users/unpodisaleicloud.com/.rbenv/versions/3.3.6/include/ruby-3.3.0 -I. -I./../../include -D_XOPEN_SOURCE -D_DARWIN_C_SOURCE -D_DARWIN_UNLIMITED_SELECT -D_REENTRANT   -fdeclspec -O3 -fno-fast-math -ggdb3 -Wall -Wextra -Wextra-tokens -Wdeprecated-declarations -Wdivision-by-zero -Wdiv-by-zero -Wimplicit-function-declaration -Wimplicit-int -Wpointer-arith -Wshorten-64-to-32 -Wwrite-strings -Wold-style-definition -Wmissing-noreturn -Wno-cast-function-type -Wno-constant-logical-operand -Wno-long-long -Wno-missing-field-initializers -Wno-overlength-strings -Wno-parentheses-equality -Wno-self-assign -Wno-tautological-compare -Wno-unused-parameter -Wno-unused-value -Wunused-variable -Wmisleading-indentation -Wundef -fno-common -pipe -arch arm64 -Wunused-result -Werror -c conftest.c"
In file included from conftest.c:1:
In file included from /Users/unpodisaleicloud.com/.rbenv/versions/3.3.6/include/ruby-3.3.0/ruby.h:38:
In file included from /Users/unpodisaleicloud.com/.rbenv/versions/3.3.6/include/ruby-3.3.0/ruby/ruby.h:28:
In file included from /Users/unpodisaleicloud.com/.rbenv/versions/3.3.6/include/ruby-3.3.0/ruby/internal/arithmetic.h:24:
In file included from /Users/unpodisaleicloud.com/.rbenv/versions/3.3.6/include/ruby-3.3.0/ruby/internal/arithmetic/char.h:29:
/Users/unpodisaleicloud.com/.rbenv/versions/3.3.6/include/ruby-3.3.0/ruby/internal/core/rstring.h:398:24: error: default initialization of an object of type 'struct RString' with const member leaves the object uninitialized [-Werror,-Wdefault-const-init-field-unsafe]
  398 |         struct RString retval;
      |                        ^
/Users/unpodisaleicloud.com/.rbenv/versions/3.3.6/include/ruby-3.3.0/ruby/internal/core/rbasic.h:88:17: note: member 'klass' declared 'const' here
   88 |     const VALUE klass;
      |                 ^
1 error generated.
checked program was:
/* begin */
1: #include "ruby.h"
2: 
3: int main(int argc, char **argv)
4: {
5:   return !!argv[argc];
6: }
/* end */

--------------------

append_cflags: checking for whether -Wc++-compat is accepted as CFLAGS... -------------------- no

DYLD_LIBRARY_PATH=.:/Users/unpodisaleicloud.com/.rbenv/versions/3.3.6/lib "clang -I/Users/unpodisaleicloud.com/.rbenv/versions/3.3.6/include/ruby-3.3.0/arm64-darwin25 -I/Users/unpodisaleicloud.com/.rbenv/versions/3.3.6/include/ruby-3.3.0/ruby/backward -I/Users/unpodisaleicloud.com/.rbenv/versions/3.3.6/include/ruby-3.3.0 -I. -I./../../include -D_XOPEN_SOURCE -D_DARWIN_C_SOURCE -D_DARWIN_UNLIMITED_SELECT -D_REENTRANT   -fdeclspec -O3 -fno-fast-math -ggdb3 -Wall -Wextra -Wextra-tokens -Wdeprecated-declarations -Wdivision-by-zero -Wdiv-by-zero -Wimplicit-function-declaration -Wimplicit-int -Wpointer-arith -Wshorten-64-to-32 -Wwrite-strings -Wold-style-definition -Wmissing-noreturn -Wno-cast-function-type -Wno-constant-logical-operand -Wno-long-long -Wno-missing-field-initializers -Wno-overlength-strings -Wno-parentheses-equality -Wno-self-assign -Wno-tautological-compare -Wno-unused-parameter -Wno-unused-value -Wunused-variable -Wmisleading-indentation -Wundef -fno-common -pipe -arch arm64 -Wc++-compat -Werror -c conftest.c"
In file included from conftest.c:1:
In file included from /Users/unpodisaleicloud.com/.rbenv/versions/3.3.6/include/ruby-3.3.0/ruby.h:38:
In file included from /Users/unpodisaleicloud.com/.rbenv/versions/3.3.6/include/ruby-3.3.0/ruby/ruby.h:28:
In file included from /Users/unpodisaleicloud.com/.rbenv/versions/3.3.6/include/ruby-3.3.0/ruby/internal/arithmetic.h:24:
In file included from /Users/unpodisaleicloud.com/.rbenv/versions/3.3.6/include/ruby-3.3.0/ruby/internal/arithmetic/char.h:29:
/Users/unpodisaleicloud.com/.rbenv/versions/3.3.6/include/ruby-3.3.0/ruby/internal/core/rstring.h:398:24: error: default initialization of an object of type 'struct RString' with const member leaves the object uninitialized and is incompatible with C++ [-Werror,-Wdefault-const-init-field-unsafe]
  398 |         struct RString retval;
      |                        ^
/Users/unpodisaleicloud.com/.rbenv/versions/3.3.6/include/ruby-3.3.0/ruby/internal/core/rbasic.h:88:17: note: member 'klass' declared 'const' here
   88 |     const VALUE klass;
      |                 ^
1 error generated.
checked program was:
/* begin */
1: #include "ruby.h"
2: 
3: int main(int argc, char **argv)
4: {
5:   return !!argv[argc];
6: }
/* end */

--------------------

append_cflags: checking for whether -Wnullable-to-nonnull-conversion is accepted as CFLAGS... -------------------- no

DYLD_LIBRARY_PATH=.:/Users/unpodisaleicloud.com/.rbenv/versions/3.3.6/lib "clang -I/Users/unpodisaleicloud.com/.rbenv/versions/3.3.6/include/ruby-3.3.0/arm64-darwin25 -I/Users/unpodisaleicloud.com/.rbenv/versions/3.3.6/include/ruby-3.3.0/ruby/backward -I/Users/unpodisaleicloud.com/.rbenv/versions/3.3.6/include/ruby-3.3.0 -I. -I./../../include -D_XOPEN_SOURCE -D_DARWIN_C_SOURCE -D_DARWIN_UNLIMITED_SELECT -D_REENTRANT   -fdeclspec -O3 -fno-fast-math -ggdb3 -Wall -Wextra -Wextra-tokens -Wdeprecated-declarations -Wdivision-by-zero -Wdiv-by-zero -Wimplicit-function-declaration -Wimplicit-int -Wpointer-arith -Wshorten-64-to-32 -Wwrite-strings -Wold-style-definition -Wmissing-noreturn -Wno-cast-function-type -Wno-constant-logical-operand -Wno-long-long -Wno-missing-field-initializers -Wno-overlength-strings -Wno-parentheses-equality -Wno-self-assign -Wno-tautological-compare -Wno-unused-parameter -Wno-unused-value -Wunused-variable -Wmisleading-indentation -Wundef -fno-common -pipe -arch arm64 -Wnullable-to-nonnull-conversion -Werror -c conftest.c"
In file included from conftest.c:1:
In file included from /Users/unpodisaleicloud.com/.rbenv/versions/3.3.6/include/ruby-3.3.0/ruby.h:38:
In file included from /Users/unpodisaleicloud.com/.rbenv/versions/3.3.6/include/ruby-3.3.0/ruby/ruby.h:28:
In file included from /Users/unpodisaleicloud.com/.rbenv/versions/3.3.6/include/ruby-3.3.0/ruby/internal/arithmetic.h:24:
In file included from /Users/unpodisaleicloud.com/.rbenv/versions/3.3.6/include/ruby-3.3.0/ruby/internal/arithmetic/char.h:29:
/Users/unpodisaleicloud.com/.rbenv/versions/3.3.6/include/ruby-3.3.0/ruby/internal/core/rstring.h:398:24: error: default initialization of an object of type 'struct RString' with const member leaves the object uninitialized [-Werror,-Wdefault-const-init-field-unsafe]
  398 |         struct RString retval;
      |                        ^
/Users/unpodisaleicloud.com/.rbenv/versions/3.3.6/include/ruby-3.3.0/ruby/internal/core/rbasic.h:88:17: note: member 'klass' declared 'const' here
   88 |     const VALUE klass;
      |                 ^
1 error generated.
checked program was:
/* begin */
1: #include "ruby.h"
2: 
3: int main(int argc, char **argv)
4: {
5:   return !!argv[argc];
6: }
/* end */

--------------------

append_cflags: checking for whether -DNDEBUG is accepted as CFLAGS... -------------------- no

DYLD_LIBRARY_PATH=.:/Users/unpodisaleicloud.com/.rbenv/versions/3.3.6/lib "clang -I/Users/unpodisaleicloud.com/.rbenv/versions/3.3.6/include/ruby-3.3.0/arm64-darwin25 -I/Users/unpodisaleicloud.com/.rbenv/versions/3.3.6/include/ruby-3.3.0/ruby/backward -I/Users/unpodisaleicloud.com/.rbenv/versions/3.3.6/include/ruby-3.3.0 -I. -I./../../include -D_XOPEN_SOURCE -D_DARWIN_C_SOURCE -D_DARWIN_UNLIMITED_SELECT -D_REENTRANT   -fdeclspec -O3 -fno-fast-math -ggdb3 -Wall -Wextra -Wextra-tokens -Wdeprecated-declarations -Wdivision-by-zero -Wdiv-by-zero -Wimplicit-function-declaration -Wimplicit-int -Wpointer-arith -Wshorten-64-to-32 -Wwrite-strings -Wold-style-definition -Wmissing-noreturn -Wno-cast-function-type -Wno-constant-logical-operand -Wno-long-long -Wno-missing-field-initializers -Wno-overlength-strings -Wno-parentheses-equality -Wno-self-assign -Wno-tautological-compare -Wno-unused-parameter -Wno-unused-value -Wunused-variable -Wmisleading-indentation -Wundef -fno-common -pipe -arch arm64 -DNDEBUG -Werror -c conftest.c"
In file included from conftest.c:1:
In file included from /Users/unpodisaleicloud.com/.rbenv/versions/3.3.6/include/ruby-3.3.0/ruby.h:38:
In file included from /Users/unpodisaleicloud.com/.rbenv/versions/3.3.6/include/ruby-3.3.0/ruby/ruby.h:28:
In file included from /Users/unpodisaleicloud.com/.rbenv/versions/3.3.6/include/ruby-3.3.0/ruby/internal/arithmetic.h:24:
In file included from /Users/unpodisaleicloud.com/.rbenv/versions/3.3.6/include/ruby-3.3.0/ruby/internal/arithmetic/char.h:29:
/Users/unpodisaleicloud.com/.rbenv/versions/3.3.6/include/ruby-3.3.0/ruby/internal/core/rstring.h:398:24: error: default initialization of an object of type 'struct RString' with const member leaves the object uninitialized [-Werror,-Wdefault-const-init-field-unsafe]
  398 |         struct RString retval;
      |                        ^
/Users/unpodisaleicloud.com/.rbenv/versions/3.3.6/include/ruby-3.3.0/ruby/internal/core/rbasic.h:88:17: note: member 'klass' declared 'const' here
   88 |     const VALUE klass;
      |                 ^
1 error generated.
checked program was:
/* begin */
1: #include "ruby.h"
2: 
3: int main(int argc, char **argv)
4: {
5:   return !!argv[argc];
6: }
/* end */

--------------------

