current directory: /Volumes/externalHDD/projects/kanbun-ka/vendor/bundle/ruby/3.3.0/gems/bootsnap-1.25.0/ext/bootsnap
/Users/unpodisaleicloud.com/.rbenv/versions/3.3.6/bin/ruby extconf.rb
checking for fdatasync() in unistd.h... yes
checking for fstatat() in sys/stat.h... yes
checking for whether -D_GNU_SOURCE is accepted as CPPFLAGS... no
checking for whether -O3 is accepted as CFLAGS... no
checking for whether -std=c99 is accepted as CFLAGS... no
creating Makefile

current directory: /Volumes/externalHDD/projects/kanbun-ka/vendor/bundle/ruby/3.3.0/gems/bootsnap-1.25.0/ext/bootsnap
make -j11 DESTDIR\= sitearchdir\=./.gem.20260901-20969-3410vc sitelibdir\=./.gem.20260901-20969-3410vc clean

current directory: /Volumes/externalHDD/projects/kanbun-ka/vendor/bundle/ruby/3.3.0/gems/bootsnap-1.25.0/ext/bootsnap
make -j11 DESTDIR\= sitearchdir\=./.gem.20260901-20969-3410vc sitelibdir\=./.gem.20260901-20969-3410vc
compiling bootsnap.c
In file included from bootsnap.c:14:
In file included from /Users/unpodisaleicloud.com/.rbenv/versions/3.3.6/include/ruby-3.3.0/ruby.h:38:
In file included from /Users/unpodisaleicloud.com/.rbenv/versions/3.3.6/include/ruby-3.3.0/ruby/ruby.h:28:
In file included from /Users/unpodisaleicloud.com/.rbenv/versions/3.3.6/include/ruby-3.3.0/ruby/internal/arithmetic.h:24:
In file included from /Users/unpodisaleicloud.com/.rbenv/versions/3.3.6/include/ruby-3.3.0/ruby/internal/arithmetic/char.h:29:
/Users/unpodisaleicloud.com/.rbenv/versions/3.3.6/include/ruby-3.3.0/ruby/internal/core/rstring.h:398:24: warning: default initialization of an object of type 'struct RString' with const member leaves the object uninitialized [-Wdefault-const-init-field-unsafe]
  398 |         struct RString retval;
      |                        ^
/Users/unpodisaleicloud.com/.rbenv/versions/3.3.6/include/ruby-3.3.0/ruby/internal/core/rbasic.h:88:17: note: member 'klass' declared 'const' here
   88 |     const VALUE klass;
      |                 ^
1 warning generated.
linking shared-object bootsnap/bootsnap.bundle

current directory: /Volumes/externalHDD/projects/kanbun-ka/vendor/bundle/ruby/3.3.0/gems/bootsnap-1.25.0/ext/bootsnap
make -j11 DESTDIR\= sitearchdir\=./.gem.20260901-20969-3410vc sitelibdir\=./.gem.20260901-20969-3410vc install
/usr/bin/install -c -m 0755 bootsnap.bundle ./.gem.20260901-20969-3410vc/bootsnap

current directory: /Volumes/externalHDD/projects/kanbun-ka/vendor/bundle/ruby/3.3.0/gems/bootsnap-1.25.0/ext/bootsnap
make DESTDIR\= sitearchdir\=./.gem.20260901-20969-3410vc sitelibdir\=./.gem.20260901-20969-3410vc clean
