current directory: /Volumes/externalHDD/projects/kanbun-ka/vendor/bundle/ruby/3.3.0/gems/ed25519-1.4.0/ext/ed25519_ref10
/Users/unpodisaleicloud.com/.rbenv/versions/3.3.6/bin/ruby extconf.rb
checking for whether -Wall is accepted as CFLAGS... no
checking for whether -O3 is accepted as CFLAGS... no
checking for whether -pedantic is accepted as CFLAGS... no
checking for whether -std=c99 is accepted as CFLAGS... no
creating Makefile

current directory: /Volumes/externalHDD/projects/kanbun-ka/vendor/bundle/ruby/3.3.0/gems/ed25519-1.4.0/ext/ed25519_ref10
make -j11 DESTDIR\= sitearchdir\=./.gem.20260901-20969-we1j9b sitelibdir\=./.gem.20260901-20969-we1j9b clean

current directory: /Volumes/externalHDD/projects/kanbun-ka/vendor/bundle/ruby/3.3.0/gems/ed25519-1.4.0/ext/ed25519_ref10
make -j11 DESTDIR\= sitearchdir\=./.gem.20260901-20969-we1j9b sitelibdir\=./.gem.20260901-20969-we1j9b
compiling ed25519_ref10.c
compiling fe.c
compiling ge.c
compiling keypair.c
compiling open.c
compiling sc_muladd.c
In file included from ed25519_ref10.c:1:
In file included from /Users/unpodisaleicloud.com/.rbenv/versions/3.3.6/include/ruby-3.3.0/ruby.h:38:
In file included from /Users/unpodisaleicloud.com/.rbenv/versions/3.3.6/include/ruby-3.3.0/ruby/ruby.h:28:
In file included from /Users/unpodisaleicloud.com/.rbenv/versions/3.3.6/include/ruby-3.3.0/ruby/internal/arithmetic.h:24:
In file included from /Users/unpodisaleicloud.com/.rbenv/versions/3.3.6/include/ruby-3.3.0/ruby/internal/arithmetic/char.h:29:
/Users/unpodisaleicloud.com/.rbenv/versions/3.3.6/include/ruby-3.3.0/ruby/internal/core/rstring.h:398:24: warning: default initialization of an object of type 'struct RString' with const member leaves the object uninitialized [-Wdefault-const-init-field-unsafe]
  398 |         struct RString retval;
      |                        ^
/Users/unpodisaleicloud.com/.rbenv/versions/3.3.6/include/ruby-3.3.0/ruby/internal/core/rbasic.h:88:17: note: member 'klass' declared 'const' here
   88 |     const VALUE klass;
      |                 ^
compiling sc_reduce.c
compiling sha512.c
compiling sign.c
compiling verify.c
1 warning generated.
linking shared-object ed25519_ref10.bundle

current directory: /Volumes/externalHDD/projects/kanbun-ka/vendor/bundle/ruby/3.3.0/gems/ed25519-1.4.0/ext/ed25519_ref10
make -j11 DESTDIR\= sitearchdir\=./.gem.20260901-20969-we1j9b sitelibdir\=./.gem.20260901-20969-we1j9b install
/usr/bin/install -c -m 0755 ed25519_ref10.bundle ./.gem.20260901-20969-we1j9b

current directory: /Volumes/externalHDD/projects/kanbun-ka/vendor/bundle/ruby/3.3.0/gems/ed25519-1.4.0/ext/ed25519_ref10
make DESTDIR\= sitearchdir\=./.gem.20260901-20969-we1j9b sitelibdir\=./.gem.20260901-20969-we1j9b clean
